'159.50.203.52','-','31/May/2010:02:00:01 +0200','GET','http','www.lemonde.fr','fr','80','/medias/www/img/icn/camera.gif','','HTTP/1.1','304','1697','254','none','PROXIED','TCP_HIT','48','DIRECT','62.41.63.104'
'159.50.203.52','-','31/May/2010:02:00:01 +0200','GET','http','www.lemonde.fr','fr','80','/medias/www/img/icn/emploi.png','','HTTP/1.1','304','1666','256','none','PROXIED','TCP_HIT','4','DIRECT','62.41.63.104'
'159.50.203.52','-','31/May/2010:02:00:01 +0200','GET','http','www.lemonde.fr','fr','80','/medias/www/img/icn/travaux.png','','HTTP/1.1','304','1667','254','none','PROXIED','TCP_HIT','4','DIRECT','62.41.63.104'
'172.29.145.248','-','31/May/2010:02:00:01 +0200','POST','http','213.200.111.93','','443','/idle/CJXmYD8oiHA2arbX/68138','','HTTP/1.1','200','253','1301','none','PROXIED','TCP_NC_MISS','32','DIRECT','213.200.111.93'
'159.50.122.156','-','31/May/2010:02:00:01 +0200','POST','http','62.41.63.155','','80','/idle/meVmaD8grSm2C0MV/175764','','HTTP/1.1','200','314','213','none','PROXIED','TCP_NC_MISS','273','DIRECT','62.41.63.155'
'159.50.122.156','-','31/May/2010:02:00:01 +0200','CONNECT','desktop2.google.com','443','','80','','','HTTP/1.1','200','541','165','none','PROXIED','TCP_TUNNELED','132','NONE','159.50.249.148'
'159.50.203.52','-','31/May/2010:02:00:01 +0200','GET','http','pubs.lemonde.fr','fr','80','/5/HOME-LEMONDE/index_homepage/exclu/1437574487/TopRight/OasDefault/default/empty.gif/39663332636230373437636434333030','','HTTP/1.1','200','1431','325','none','PROXIED','TCP_MISS','33','DIRECT','pubs.lemonde.fr'
'172.29.145.248','-','31/May/2010:02:00:01 +0200','POST','http','213.200.111.93','','80','/idle/CJXmYD8oiHA2arbX/68139','','HTTP/1.1','200','253','5796','none','PROXIED','TCP_NC_MISS','3','DIRECT','213.200.111.93'
'159.50.203.52','-','31/May/2010:02:00:01 +0200','GET','http','www.lemonde.fr','fr','80','/medias/www/img/icn/assurances.png','','HTTP/1.1','304','1670','256','none','PROXIED','TCP_HIT','4','DIRECT','62.41.63.104'
'159.50.203.52','-','31/May/2010:02:00:01 +0200','GET','http','www.lemonde.fr','fr','80','/medias/www/img/icn/credit.png','','HTTP/1.1','304','1666','256','none','PROXIED','TCP_HIT','3','DIRECT','62.41.63.104'
'159.50.122.156','-','31/May/2010:02:00:56 +0200','GET','http','media.rtl.fr','fr','80','/online/image/2008/1008/2123692_Wall-Street-la-bourse-de-New-York.jpg','','HTTP/1.1','304','788','269','none','PROXIED','TCP_HIT','5','DIRECT','146.220.84.11'
'172.29.145.245','-','31/May/2010:02:00:56 +0200','CONNECT','','216.219.112.250','','443','','','HTTP/1.1','200','273','125','none','PROXIED','TCP_TUNNELED','340','NONE','159.50.249.148'
'172.29.145.245','-','31/May/2010:02:00:56 +0200','CONNECT','','216.219.112.250','','80','','','HTTP/1.1','200','273','125','none','PROXIED','TCP_TUNNELED','340','NONE','159.50.249.148'
