October 1999 to, among other things, increase security and protect intellectual
on features, security, and a redesigned user interface dubbed Aero.[41][42]
security and reliability of Linux servers and concern about being locked into
3/413 elements are valid.
