'1264966277','200','GET','http','pub.lnc.nc','nc','80','/delivery/afr.php','refresh=45&zoneid=5&target=_blank&cb=INSERT_RANDOM_NUMBER_HERE&loc=http%253A%252F%252Fwww.lnc.nc%252Farticles%252Farticle_70618_262097_71500.htm','-','DIRECT','202.22.156.136'
'1264966278','304','GET','http','pub.lnc.nc','nc','80','/delivery/ai.php','filename=construire_468x60_2.swf&contenttype=swf','-','DIRECT','202.22.156.136'
'1264966278','200','GET','http','pub.lnc.nc','nc','80','/delivery/lg.php','bannerid=54&campaignid=4&zoneid=5&loc=http%253A%252F%252Fwww.lnc.nc%252Farticles%252Farticle_70618_262097_71500.htm&cb=d8b5b55318','-','DIRECT','202.22.156.136'
'1264966280','200','GET','http','pub.lnc.nc','nc','80','/delivery/afr.php','refresh=15&zoneid=6&target=_blank&cb=INSERT_RANDOM_NUMBER_HERE&loc=http%253A%252F%252Fwww.lnc.nc%252Farticles%252Farticle_71717_268185.htm','-','DIRECT','202.22.156.136'
'1264966280','304','GET','http','pub.lnc.nc','nc','80','/delivery/ai.php','filename=nrj_120x360_2.swf&contenttype=swf','-','DIRECT','202.22.156.136'
'1264966280','200','GET','http','pub.lnc.nc','nc','80','/delivery/lg.php','bannerid=48&campaignid=3&zoneid=6&loc=http%253A%252F%252Fwww.lnc.nc%252Farticles%252Farticle_71717_268185.htm&cb=9caa48fed1','-','DIRECT','202.22.156.136'
'1264966280','200','GET','http','pub.lnc.nc','nc','80','/delivery/afr.php','refresh=45&zoneid=5&target=_blank&cb=INSERT_RANDOM_NUMBER_HERE&loc=http%253A%252F%252Fwww.lnc.nc%252Farticles%252Farticle_71717_268185.htm','-','DIRECT','202.22.156.136'
'1264966280','304','GET','http','pub.lnc.nc','nc','80','/delivery/ai.php','filename=construire_468x60_2.swf&contenttype=swf','-','DIRECT','202.22.156.136'
'1264966280','200','GET','http','pub.lnc.nc','nc','80','/delivery/lg.php','bannerid=54&campaignid=4&zoneid=5&loc=http%253A%252F%252Fwww.lnc.nc%252Farticles%252Farticle_71717_268185.htm&cb=171f999c48','-','DIRECT','202.22.156.136'
'1264966285','200','GET','http','pub.lnc.nc','nc','80','/delivery/afr.php','refresh=15&zoneid=6&target=_blank&cb=INSERT_RANDOM_NUMBER_HERE&loc=http%253A%252F%252Fwww.lnc.nc%252Farticles%252Farticle_70788_238733.htm','-','DIRECT','202.22.156.136'
'1264966286','200','GET','http','pub.lnc.nc','nc','80','/delivery/lg.php','bannerid=55&campaignid=4&zoneid=6&loc=http%253A%252F%252Fwww.lnc.nc%252Farticles%252Farticle_70788_238733.htm&cb=79e15b2469','-','DIRECT','202.22.156.136'
'1264966286','200','GET','http','pub.lnc.nc','nc','80','/delivery/afr.php','refresh=15&zoneid=6&target=_blank&cb=INSERT_RANDOM_NUMBER_HERE&loc=http%253A%252F%252Fwww.lnc.nc%252Farticles%252Farticle_70618_262097_71500.htm','-','DIRECT','202.22.156.136'
'1264966286','304','GET','http','pub.lnc.nc','nc','80','/delivery/ai.php','filename=nrj_120x360_2.swf&contenttype=swf','-','DIRECT','202.22.156.136'
'1264966286','200','GET','http','pub.lnc.nc','nc','80','/delivery/lg.php','bannerid=48&campaignid=3&zoneid=6&loc=http%253A%252F%252Fwww.lnc.nc%252Farticles%252Farticle_70618_262097_71500.htm&cb=932c54f03d','-','DIRECT','202.22.156.136'
'1264966294','200','GET','http','pub.lnc.nc','nc','80','/delivery/afr.php','refresh=45&zoneid=7&target=_blank&cb=INSERT_RANDOM_NUMBER_HERE&loc=http%253A%252F%252Fwww.lnc.nc%252Farticles%252Farticle_70618_262097_71500.htm','-','DIRECT','202.22.156.136'
'1264966295','200','GET','http','pub.lnc.nc','nc','80','/delivery/afr.php','refresh=15&zoneid=6&target=_blank&cb=INSERT_RANDOM_NUMBER_HERE&loc=http%253A%252F%252Fwww.lnc.nc%252Farticles%252Farticle_71717_268185.htm','-','DIRECT','202.22.156.136'
'1264966295','304','GET','http','pub.lnc.nc','nc','80','/delivery/ai.php','filename=construire_120x360_2.swf&contenttype=swf','-','DIRECT','202.22.156.136'
'1264966295','200','GET','http','pub.lnc.nc','nc','80','/delivery/lg.php','bannerid=55&campaignid=4&zoneid=6&loc=http%253A%252F%252Fwww.lnc.nc%252Farticles%252Farticle_71717_268185.htm&cb=555b54fd37','-','DIRECT','202.22.156.136'
'1264966296','200','GET','http','pub.lnc.nc','nc','80','/delivery/afr.php','refresh=45&zoneid=17&target=_blank&cb=INSERT_RANDOM_NUMBER_HERE&loc=http%253A%252F%252Fwww.lnc.nc%252Farticles%252Farticle_70618_262097_71500.htm','-','DIRECT','202.22.156.136'
'1264966296','200','GET','http','pub.lnc.nc','nc','80','/delivery/lg.php','bannerid=270&campaignid=124&zoneid=17&channel_ids=,&loc=http%253A%252F%252Fwww.lnc.nc%252Farticles%252Farticle_70618_262097_71500.htm&cb=cc190127b2','-','DIRECT','202.22.156.136'
'1264966296','302','GET','http','m.fr.yahoo.com','com','80','/_ylt=ArQDOB9jfyHG.V9FhDnYALtNhJp4/SIG=12v9m501u/**http%3A//fr.news.yahoo.com/55/20100131/tod-etats-unis-il-vole-les-mauvais-mdica-17baed7.html','','-','DIRECT','87.248.112.181'
'1264966297','200','GET','http','pub.lnc.nc','nc','80','/delivery/afr.php','refresh=45&zoneid=3&target=_blank&cb=INSERT_RANDOM_NUMBER_HERE','-','DIRECT','202.22.156.136'
'1264966297','200','GET','http','m.fr.yahoo.com','com','80','/p.gif;_ylt=AmBc0U.DCBEqOU3C29.HBexNhJp4','t=1264966304584','-','DIRECT','87.248.112.181'
'1264966297','200','GET','http','pub.lnc.nc','nc','80','/delivery/afr.php','refresh=45&zoneid=18&target=_blank&cb=INSERT_RANDOM_NUMBER_HERE','-','DIRECT','202.22.156.136'
'1264966297','200','GET','http','pub.lnc.nc','nc','80','/delivery/afr.php','refresh=45&zoneid=2&target=_blank&cb=INSERT_RANDOM_NUMBER_HERE','-','DIRECT','202.22.156.136'
'1264966297','200','GET','http','m.fr.yahoo.com','com','80','/p.gif;_ylt=ArFCGihwnDnPUopC5_uHo1lNhJp4','t=1264966304921','-','DIRECT','87.248.112.181'
'1264966297','200','GET','http','m.fr.yahoo.com','com','80','/p.gif;_ylt=Asz_kygwvGtKjaqFlYHWyxNNhJp4','t=1264966305024','-','DIRECT','87.248.112.181'
'1264966297','200','GET','http','m.fr.yahoo.com','com','80','/p.gif;_ylt=AgZqX2yuBhbvnKM3W.9VfPlNhJp4','t=1264966305124','-','DIRECT','87.248.112.181'
'1264966298','200','GET','http','pub.lnc.nc','nc','80','/delivery/lg.php','bannerid=213&campaignid=82&zoneid=3&loc=http%253A%252F%252Fwww.lnc.nc%252Fmodeles%252Fjournal_standard_70788.htm&cb=002ebd4848','-','DIRECT','202.22.156.136'
'1264966298','200','GET','http','m.fr.yahoo.com','com','80','/p.gif;_ylt=AjP1jnPiXwSGoa1hu4u0SUFNhJp4','t=1264966305413','-','DIRECT','87.248.112.181'
'1264966298','200','GET','http','m.fr.yahoo.com','com','80','/p.gif;_ylt=AvlFiwzSQ2nmHPNjf_BjiA1NhJp4','t=1264966305615','-','DIRECT','87.248.112.181'
'1264966298','200','GET','http','fr.news.yahoo.com','com','80','/55/20100131/tod-etats-unis-il-vole-les-mauvais-mdica-17baed7.html','','-','DIRECT','209.73.190.208'
'1264966298','200','GET','http','pub.lnc.nc','nc','80','/delivery/lg.php','bannerid=267&campaignid=124&zoneid=18&channel_ids=,&loc=http%253A%252F%252Fwww.lnc.nc%252Fmodeles%252Fjournal_standard_70788.htm&cb=82b5e6498d','-','DIRECT','202.22.156.136'
'1264966298','200','GET','http','pub.lnc.nc','nc','80','/delivery/lg.php','bannerid=306&campaignid=156&zoneid=2&channel_ids=,&loc=http%253A%252F%252Fwww.lnc.nc%252Fmodeles%252Fjournal_standard_70788.htm&cb=7305e32de9','-','DIRECT','202.22.156.136'
'1264966298','200','GET','http','pub.lnc.nc','nc','80','/delivery/afr.php','refresh=45&zoneid=17&target=_blank&cb=INSERT_RANDOM_NUMBER_HERE&loc=http%253A%252F%252Fwww.lnc.nc%252Farticles%252Farticle_71717_268185.htm','-','DIRECT','202.22.156.136'
'1264966299','200','GET','http','pub.lnc.nc','nc','80','/delivery/afr.php','refresh=45&zoneid=7&target=_blank&cb=INSERT_RANDOM_NUMBER_HERE&loc=http%253A%252F%252Fwww.lnc.nc%252Farticles%252Farticle_71717_268185.htm','-','DIRECT','202.22.156.136'
'1264966299','200','GET','http','pub.lnc.nc','nc','80','/delivery/lg.php','bannerid=268&campaignid=124&zoneid=17&channel_ids=,&loc=http%253A%252F%252Fwww.lnc.nc%252Farticles%252Farticle_71717_268185.htm&cb=ae280934f3','-','DIRECT','202.22.156.136'
'1264966299','000','GET','http','m.fr.yahoo.com','com','80','/p.gif;_ylt=AmLyJQrojVfqYt1cpMxi0LpNhJp4','t=1264966304743','-','DIRECT','87.248.112.181'
'1264966300','302','GET','http','m.fr.yahoo.com','com','80','/_ylt=Ak3xqWj3q3w_Eev6sRMahIRNhJp4/SIG=11tijqujt/**https%3A//login.yahoo.com/config/mail%3F.src=ym%26.intl=fr','','-','DIRECT','87.248.112.181'
'1264966301','200','GET','http','row.bc.yahoo.com','com','80','/b','P=1a9_9lf4aiutEs6oS0Z1BAGOPQXSIktl2pkACrTk&T=13qbtj4il%252fX%253d1264966297%252fE%253d2023066516%252fR%253dfrnews%252fK%253d5%252fV%253d1.1%252fW%253dJR%252fY%253dFR%252fF%253d263656397%252fS%253d1%252fJ%253d59060CD9&U=12aia3glq%252fN%253dtBYPF9mSs_A-%252fC%253d-1%252fD%253dMH%252fB%253d-1%252fV%253d0&U=13o48crhv%252fN%253dsxYPF9mSs_A-%252fC%253d200089790.201943777.203233814.200555405%252fD%253dLREC%252fB%253d200768391%252fV%253d1&U=13par4guo%252fN%253duxYPF9mSs_A-%252fC%253d200071361.201731035.202947625.201243308%252fD%253dYMBCN%252fB%253d200848401%252fV%253d1&U=12dtq54j9%252fN%253duBYPF9mSs_A-%252fC%253d-1%252fD%253dFSRVY%252fB%253d-1%252fV%253d0&Q=0&O=0.21079630402574367','-','DIRECT','216.252.124.30'
'1264966301','200','GET','http','pub.lnc.nc','nc','80','/delivery/afr.php','refresh=15&zoneid=6&target=_blank&cb=INSERT_RANDOM_NUMBER_HERE&loc=http%253A%252F%252Fwww.lnc.nc%252Farticles%252Farticle_70618_262097_71500.htm','-','DIRECT','202.22.156.136'
'1264966301','200','GET','http','eu.geo.yahoo.com','com','80','/p','s=2023066516&_R=http%253A%252F%252Fm.fr.yahoo.com%252F&_L=m%2506Top%2501l%2506Abonnez%20vous%20au%20fil%20RSS%20les%20titres%20de%20l%2527actualit%25C3%25A9%2502Can%253A%20l%2527Egypte%20conserve%20sa%20supr%25C3%25A9matie%20sur%20le%20football%20africain%2502Ligue%201%253A%20le%20bon%20coup%20d%2527Auxerre%2502Clearstream%20%253A%20Villepin%20relax%25C3%25A9%252C%20Lahoud%20et%20Gergorin%20condamn%25C3%25A9s%2502Tous%20les%20titres%20de%20l%2527actualit%25C3%25A9%2508m%2506Hot%2501l%2506%252Ffc%252Fmode.html%2502%252Ffc%252Fgouvernement.html%2502%252Ffc%252Ffootball.html%2502%252Ffc%252Ftelevision.html%2502Parti%20socialiste%2502Ha%25C3%25AFti%2502Catastrophes%2502%25C3%2589tats-Unis%2502Affaires%20politiques%2502Faits%20Divers%2502Nicolas%20Sarkozy%2502Amours%20insolites%2508m%2506Breaking%2501l%2506Handball%253A%20la%20France%20remporte%20l%2527Euro%20et%20entre%20dans%20l%2527histoire%2508m%2506Related%2501l%2506Etats-Unis%20%253A%20il%20vole%20les%20mauvais%20m%25C3%25A9dicaments%20dans%20un%20drugstore%2502Plus%20de%20photos%20Insolite%2502Neuf%20Am%25C3%25A9ricains%20soup%25C3%25A7onn%25C3%25A9s%20de%20%2522vol%2522%20d%2527enfants%20%25C3%25A0%20Ha%25C3%25AFti%253A%20%2522Nous%20voulions%20faire%20ce%20qui%20%25C3%25A9tait%20juste%2522%2502Tromp%25C3%25A9e%252C%20elle%20mutile%20le%20visage%20de%20son%20mari%253A%20%2522Le%20faire%20souffrir%252C%20comme%20il%20m%2527a%20fait%20souffrir%2522%2502En%20pleine%20nuit%252C%20les%20braqueurs%20percent%20le%20coffre-fort%20du%20commerce...%20au%20marteau-piqueur%2502Plus%20d%2527articles%20sur%20%253A%20Faits%20Divers%2502Discussion%253A%20Faits%20Divers%2508m%2506Latest%2501l%2506Abonnez-vous%20au%20fil%20d%2527info%20RSS%2502Etats-Unis%20%253A%20ivre%252C%20il%20essaie%20d%25E2%2580%2599entrer%20dans%25E2%2580%25A6%2502%25C3%2589cosse%20%253A%20un%20whisky%20ta%25C3%25AFwanais%20prim%25C3%25A9%20par%20un%25E2%2580%25A6%2502Deux%20tiers%20des%20femmes%20%25C3%25A0%20forte%20poitrine%25E2%2580%25A6&t=1264966308508&_P=1.3.3%2505A_pt%2503Zigonet.com%2504A_pn%2503Etats-Unis%20%253A%20il%20vole%20les%20mauvais%20m%25C3%25A9dicaments%20dans%20un%20drugstore%2504A_sid%2503q3s1f0tQ%2504_w%2503fr.news.yahoo.com%252F55%252F20100131%252Ftod-etats-unis-il-vole-les-mauvais-mdica-17baed7.html','-','DIRECT','98.136.43.76'
'1264966301','200','GET','http','eu.geo.yahoo.com','com','80','/p','s=2023066516&_R=http%253A%252F%252Fm.fr.yahoo.com%252F&_L=m%2506Latest%2501l%2506Etats-Unis%20%253A%20une%20m%25C3%25A9t%25C3%25A9orite%20s%2527%25C3%25A9crase%20sur%25E2%2580%25A6%2507_p%25035%2502Ovni%20dans%20les%20Pyr%25C3%25A9n%25C3%25A9es%253A%20un%20t%25C3%25A9moignage%25E2%2580%25A6%2502Chine%20%253A%20fabrication%20de%20la%20plus%20grande%25E2%2580%25A6%2502Revivez%20le%20massacre%20de%20la%20Saint-Valentin%2502Bulgarie%253A%20des%20chiens%20errants%20tuent%2013%20animaux%20du%20zoo%20de%20Sofia%2502Plus%2502Grande-Bretagne%20%253A%20il%20repeint%20une%20Fiat%20500%25E2%2580%25A6%2502Indon%25C3%25A9sie%20%253A%20le%20pr%25C3%25A9sident%20vient%20de%20sortir%20son%25E2%2580%25A6%2502%25C3%2589tats-Unis%20%253A%20elle%20tente%20de%20faire%20passer%20de%25E2%2580%25A6%2508m%2506Popular%2501l%2506Abonnez-vous%20au%20fil%20RSS%20top%20articles%2502Sauvetage%20d%2527un%20chien%20bloqu%25C3%25A9%20sur%20un%20iceberg%2502%25E2%2580%25A6Plus%2502Pays-Bas%20%253A%20une%20jeune%20fille%20licenci%25C3%25A9e%20par%20McDonald%2527s%20pour%20une%20tranche%20de%20fromage%2502France%20%253A%20un%20homme%20suit%20son%20GPS%20et%20prend%20une%20voie%20rapide%20%25C3%25A0%20contresens%2502Trop%20de%20relations%20sexuelles%20endommageraient%20les%20poignets%2502Grande-Bretagne%20%253A%20le%20heavy%20metal%252C%20une%20nouvelle%20religion%20%253F%2502Tous%20les%20top%20articles&t=1264966308510&_P=1.3.3%2505A_pt%2503Zigonet.com%2504A_pn%2503Etats-Unis%20%253A%20il%20vole%20les%20mauvais%20m%25C3%25A9dicaments%20dans%20un%20drugstore%2504A_sid%2503q3s1f0tQ%2504_w%2503fr.news.yahoo.com%252F55%252F20100131%252Ftod-etats-unis-il-vole-les-mauvais-mdica-17baed7.html','-','DIRECT','98.136.43.76'
'1264966301','304','GET','http','pub.lnc.nc','nc','80','/delivery/ai.php','filename=nrj_120x360_2.swf&contenttype=swf','-','DIRECT','202.22.156.136'
'1264966301','200','GET','http','pub.lnc.nc','nc','80','/delivery/lg.php','bannerid=48&campaignid=3&zoneid=6&loc=http%253A%252F%252Fwww.lnc.nc%252Farticles%252Farticle_70618_262097_71500.htm&cb=31edf8037d','-','DIRECT','202.22.156.136'
'1264966301','200','GET','http','a.analytics.yahoo.com','com','80','/fpc.pl','a=1000589510959&v=5.09&enc=ISO-8859-1&b=Etats-Unis%20%253A%20il%20vole%20les%20mauvais%20m%25C3%25A9dicaments%20dans%20un%20drugstore%20-%20Yahoo!%20Actualit%25C3%25A9s&c=Insolite%253A%253Ar_t_zigo_od_other&f=http%253A%252F%252Ffr.news.yahoo.com%252F55%252F20100131%252Ftod-etats-unis-il-vole-les-mauvais-mdica-17baed7.html&cf7=2023066516&cf11=Zigonet.com&e=http%253A%252F%252Fm.fr.yahoo.com%252F&flv=Shockwave%20Flash%2010.0%20r42&d=Sun%252C%2031%20Jan%202010%2019%253A31%253A48%20GMT&n=-11&g=fr&h=Y&j=1280x800&k=32&l=true&ittidx=0&fpc=RhRRZUYQ%257CZtSfIU4Jaa%257Cfses1000589510959%253D%257CzSzNbM1Jaa%257CRhRRZUYQ%257Cfvis1000589510959%253DZT1odHRwJTNBJTJGJTJGbS5mci55YWhvby5jb20lMkYlM0ZyMCUzRDEyNjMwMTc1NzQmZj1odHRwJTNBJTJGJTJGZnIubmV3cy55YWhvby5jb20lMkY1NSUyRjIwMTAwMTA4JTJGdG9kLWVuLWltYWdlcy1sYS1jYW1wYWduZS1kZS1waG90b3MtYnVyYi0xN2JhZWQ3Lmh0bWwmYj1MYSUyMGNhbXBhZ25lJTIwZGUlMjBwaG90b3MlMjBCdXJiZXJyeSUyMGF2ZWMlMjBFbW1hJTIwV2F0c29uJTIwdG91cm5lJTIwYXUlMjBmaWFzY28lMjAtJTIwWWFob28hJTIwQWN0dWFsaXQlQzMlQTlz%257C8s0TH77HYs%257C8s0TTT0sYo%257C8s0MY8H0Y7%257C81%257C8s0TH77HYs%257C8s0TH77HYs','-','DIRECT','98.137.32.26'
'1264966302','302','GET','http','fr.api.news.yahoo.com','com','80','/track/most_viewed.html','prop=fr&type=n&cat=od&id=/zigonet/20100131/r_t_zigo_od_other/tod-etats-unis-il-vole-les-mauvais-mdica-17baed7&_rnd=GEDF2Ms29KZc&_ts=1264966295&_sig=GRPvK385RdSG4_XUaegQTcT99BI-','-','DIRECT','87.248.107.247'
'1264966305','200','GET','http','pub.lnc.nc','nc','80','/delivery/afr.php','refresh=45&zoneid=5&target=_blank&cb=INSERT_RANDOM_NUMBER_HERE&loc=http%253A%252F%252Fwww.lnc.nc%252Farticles%252Farticle_71717_268185.htm','-','DIRECT','202.22.156.136'
'1264966306','304','GET','http','pub.lnc.nc','nc','80','/delivery/ai.php','filename=nrj_468x60_3.swf&contenttype=swf','-','DIRECT','202.22.156.136'
'1264966306','200','GET','http','pub.lnc.nc','nc','80','/delivery/lg.php','bannerid=50&campaignid=3&zoneid=5&loc=http%253A%252F%252Fwww.lnc.nc%252Farticles%252Farticle_71717_268185.htm&cb=9cc835d361','-','DIRECT','202.22.156.136'
'1264966306','200','GET','http','fr.mg40.mail.yahoo.com','com','80','/dc/launch','.gx=1&.rand=563khvjd4a8gp','-','DIRECT','217.146.176.196'
'1264966308','200','GET','http','us.bc.yahoo.com','com','80','/b','P=l1OxQtRSaCmtEs6oS0Z1BAATPQXSIktl2qAACYLO&T=16l5fpl4e%252fX%253d1264966305%252fE%253d971801348%252fR%253dfrmail%252fK%253d5%252fV%253d1.1%252fW%253dJR%252fY%253dFR%252fF%253d1466480453%252fH%253dY29udGVudD0idGVudXJlOiB3ZWVrIDE0LTtub19leHBhbmRhYmxlO2FqYXhfY2VydF9leHBhbmRhYmxlIg--%252fI%253d1%252fS%253d1%252fJ%253dD36852D4&U=12c3jg5ga%252fN%253dcw6ATtmSu1w-%252fC%253d-1%252fD%253dFR20%252fB%253d-1%252fV%253d0&U=12bvfkk1a%252fN%253dcg6ATtmSu1w-%252fC%253d-1%252fD%253dSIP%252fB%253d-1%252fV%253d0&Q=0&O=0.624883359719432','-','DIRECT','216.252.124.30'
'1264966308','200','GET','http','fr.mg40.mail.yahoo.com','com','80','/fc/fc','l=LREC%253A%2521fcHandoff%253BN2%253A%2521fcHandoff%253BMIP4%253Aslot_MIP4&p=mail_candygram&bg=transparent&f=971801348&id=1&cbk=fcLoaded&tgt=_blank&en=iso-8859-1&em=%25257B%252522site-attribute%252522%25253A%252522content%25253D%25255C%252522tenure%25253A%252520week%25252014-%25253Bno_expandable%25253Bajax_cert_expandable%25255C%252522%252522%25257D&t_e=100&.intl=fr&.lang=fr-FR&t=1&rand=1264966316269&=&.gx=1','-','DIRECT','217.146.176.196'
'1264966309','200','POST','http','fr.mg40.mail.yahoo.com','com','80','/ws/mailPreferences/v1/jsonrpc','wssid=WhqbuMTzlRy&appid=YahooMailRC','-','DIRECT','217.146.176.196'
'1264966310','200','GET','http','fr.mg40.mail.yahoo.com','com','80','/yab/cache/fr/_u1Zh8awbeqFp%5Ejxh11w8A--','enc=1&f=fn,ln,nn,e0,e1,e2,yi,li,ex,yx,imm,img,mo&wssid=WhqbuMTzlRy&r=0.34601298154361493','-','DIRECT','217.146.176.196'
'1264966310','200','GET','http','row.bc.yahoo.com','com','80','/b','P=q8ifMNRSaCmtEs6oS0Z1BAEqPQXSIktl2qQACvTz&T=16h04m2ds%252fX%253d1264966308%252fE%253d971801348%252fR%253dfrmail%252fK%253d5%252fV%253d1.1%252fW%253dJR%252fY%253dFR%252fF%253d1569984148%252fH%253dY29udGVudD0idGVudXJlOiB3ZWVrIDE0LTtub19leHBhbmRhYmxlO2FqYXhfY2VydF9leHBhbmRhYmxlIg--%252fS%253d1%252fJ%253dCD6852D4&U=13oodod57%252fN%253drSYPF9mSs_A-%252fC%253d200089790.201942519.203232701.201155674%252fD%253dLREC%252fB%253d200768495%252fV%253d1&U=12at7q7q2%252fN%253dryYPF9mSs_A-%252fC%253d-1%252fD%253dN2%252fB%253d-1%252fV%253d0&U=13otcml6h%252fN%253dsCYPF9mSs_A-%252fC%253d200099943.201887875.203162448.201390671%252fD%253dMIP4%252fB%253d201095116%252fV%253d1&Q=0&O=0.8931179316898736','-','DIRECT','216.252.124.30'
'1264966310','200','GET','http','pub.lnc.nc','nc','80','/delivery/afr.php','refresh=15&zoneid=6&target=_blank&cb=INSERT_RANDOM_NUMBER_HERE&loc=http%253A%252F%252Fwww.lnc.nc%252Farticles%252Farticle_71717_268185.htm','-','DIRECT','202.22.156.136'
'1264966311','304','GET','http','pub.lnc.nc','nc','80','/delivery/ai.php','filename=nrj_120x360_2.swf&contenttype=swf','-','DIRECT','202.22.156.136'
'1264966311','200','GET','http','pub.lnc.nc','nc','80','/delivery/lg.php','bannerid=48&campaignid=3&zoneid=6&loc=http%253A%252F%252Fwww.lnc.nc%252Farticles%252Farticle_71717_268185.htm&cb=f09416bf81','-','DIRECT','202.22.156.136'
'1264966311','200','GET','http','fr.mg40.mail.yahoo.com','com','80','/ws/cal/cal/1/BMDC','bn=_u1Zh8awbeqFp%5Ejxh11w8A--&prog=vegasv4&intl=fr&DTSTART=20100201&DTEND=20100331&wssid=WhqbuMTzlRy&r=0.5201427925155828','-','DIRECT','217.146.176.196'
'1264966311','200','GET','http','fr.mg40.mail.yahoo.com','com','80','/om/api/1.0/openmail.app.list','app=36dhk6gp34pb6&ver=26&app=3aoj66csm8e1m&ver=12&app=68c34chgjadj1&ver=3&app=6coj375ijcp33&ver=6','-','DIRECT','217.146.176.196'
'1264966313','200','POST','http','fr.mg40.mail.yahoo.com','com','80','/dc/lv','','-','DIRECT','217.146.176.196'
'1264966313','200','GET','http','fr.mg40.mail.yahoo.com','com','80','/dc/rs','log=LaunchSequenceCompleted;SuccessfulLaunch;PostLaunchSequenceCompleted&=&.gx=1','-','DIRECT','217.146.176.196'
'1264966316','200','GET','http','pub.lnc.nc','nc','80','/delivery/afr.php','refresh=15&zoneid=6&target=_blank&cb=INSERT_RANDOM_NUMBER_HERE&loc=http%253A%252F%252Fwww.lnc.nc%252Farticles%252Farticle_70618_262097_71500.htm','-','DIRECT','202.22.156.136'
'1264966316','304','GET','http','pub.lnc.nc','nc','80','/delivery/ai.php','filename=nrj_120x360_2.swf&contenttype=swf','-','DIRECT','202.22.156.136'
'1264966316','200','GET','http','pub.lnc.nc','nc','80','/delivery/lg.php','bannerid=48&campaignid=3&zoneid=6&loc=http%253A%252F%252Fwww.lnc.nc%252Farticles%252Farticle_70618_262097_71500.htm&cb=86cbea4a8c','-','DIRECT','202.22.156.136'
'1264966317','000','GET','http','fr.mg40.mail.yahoo.com','com','80','/om/api/1.0/openmail.app.instance.uninstall','crumb=5Kle1Ap4Wmu&cleanup=1&r=0.7027160851559061','-','DIRECT','217.146.176.196'
'1264966317','200','GET','http','pub.lnc.nc','nc','80','/delivery/afr.php','refresh=45&zoneid=7&target=_blank&cb=INSERT_RANDOM_NUMBER_HERE&loc=http%253A%252F%252Fwww.lnc.nc%252Farticles%252Farticle_71717_268185.htm','-','DIRECT','202.22.156.136'
'1264966318','302','GET','http','login.yahoo.com','com','80','/config/login','logout=1&.direct=2&.src=ym&.intl=fr&.done=http://fr.yahoo.com','-','DIRECT','66.163.169.186'
'1264966318','200','GET','http','pub.lnc.nc','nc','80','/delivery/afr.php','refresh=45&zoneid=17&target=_blank&cb=INSERT_RANDOM_NUMBER_HERE&loc=http%253A%252F%252Fwww.lnc.nc%252Farticles%252Farticle_71717_268185.htm','-','DIRECT','202.22.156.136'
'1264966318','200','GET','http','pub.lnc.nc','nc','80','/delivery/lg.php','bannerid=266&campaignid=124&zoneid=17&channel_ids=,&loc=http%253A%252F%252Fwww.lnc.nc%252Farticles%252Farticle_71717_268185.htm&cb=74d5741e44','-','DIRECT','202.22.156.136'
'1264966318','500','GET','http','fr.mg40.mail.yahoo.com','com','80','/om/api/1.0/openmail.app.instance.uninstall','crumb=5Kle1Ap4Wmu&cleanup=1&r=0.4368571307657463','-','DIRECT','217.146.176.196'
'1264966319','302','GET','http','fr.yahoo.com','com','80','/','','-','DIRECT','217.146.186.51'
'1264966322','200','GET','http','m.fr.yahoo.com','com','80','/','','-','DIRECT','87.248.122.122'
'1264966323','200','GET','http','pub.lnc.nc','nc','80','/delivery/afr.php','refresh=45&zoneid=5&target=_blank&cb=INSERT_RANDOM_NUMBER_HERE&loc=http%253A%252F%252Fwww.lnc.nc%252Farticles%252Farticle_70618_262097_71500.htm','-','DIRECT','202.22.156.136'
'1264966323','200','GET','http','row.bc.yahoo.com','com','80','/b','P=C3OrH1f4enatEs6oS0Z1BAXbPQXSIktl2rAACvoV&T=13rf50j2i%252fX%253d1264966320%252fE%253d2142020924%252fR%253dfrhmpg%252fK%253d5%252fV%253d1.1%252fW%253dJR%252fY%253dFR%252fF%253d1151519490%252fS%253d1%252fJ%253d1FA1EE4D&U=13oa8aqqc%252fN%253d7EnSVFf4eEU-%252fC%253d200077449.201934463.203225671.201426608%252fD%253dHDRM%252fB%253d201083720%252fV%253d1&U=13ojnb17b%252fN%253d7UnSVFf4eEU-%252fC%253d200120635.201949743.203239016.201449323%252fD%253dSTCK%252fB%253d201096261%252fV%253d1&U=13ovhbt0n%252fN%253d7knSVFf4eEU-%252fC%253d200117466.201906946.203218303.201409469%252fD%253dFPAD%252fB%253d201095891%252fV%253d1&U=13pcaaqqc%252fN%253d70nSVFf4eEU-%252fC%253d200120106.201951974.203240103.201384666%252fD%253dPROM1%252fB%253d201093816%252fV%253d1&U=13pr3bd6m%252fN%253d8EnSVFf4eEU-%252fC%253d200096414.201930222.203221519.201431808%252fD%253dPROM2%252fB%253d201086106%252fV%253d1&U=12cgsmjeo%252fN%253d9UnSVFf4eEU-%252fC%253d-1%252fD%253dBLAP%252fB%253d-1%252fV%253d0&U=12djmp5k8%252fN%253d9EnSVFf4eEU-%252fC%253d-1%252fD%253dYMPIX%252fB%253d-1%252fV%253d0&U=12csffimd%252fN%253d80nSVFf4eEU-%252fC%253d-1%252fD%253dRTG1%252fB%253d-1%252fV%253d0&U=13pjl9u29%252fN%253d8UnSVFf4eEU-%252fC%253d200059816.201632884.202868802.201153652%252fD%253dADBCN%252fB%253d200780185%252fV%253d1&U=12b63v6ca%252fN%253d9knSVFf4eEU-%252fC%253d-1%252fD%253dSIP%252fB%253d-1%252fV%253d0&Q=0&O=0.998737488368081','-','DIRECT','216.252.124.30'
'1264966323','304','GET','http','pub.lnc.nc','nc','80','/delivery/ai.php','filename=nrj_468x60_3.swf&contenttype=swf','-','DIRECT','202.22.156.136'
'1264966323','200','GET','http','pub.lnc.nc','nc','80','/delivery/lg.php','bannerid=50&campaignid=3&zoneid=5&loc=http%253A%252F%252Fwww.lnc.nc%252Farticles%252Farticle_70618_262097_71500.htm&cb=65d5052564','-','DIRECT','202.22.156.136'
'1264966324','200','GET','http','m.fr.yahoo.com','com','80','/p.gif;_ylt=Avi4wrK25t9bVWT5ScO4vnM8pax_','t=1264966332328','-','DIRECT','87.248.122.122'
'1264966325','200','GET','http','pub.lnc.nc','nc','80','/delivery/afr.php','refresh=45&zoneid=5&target=_blank&cb=INSERT_RANDOM_NUMBER_HERE&loc=http%253A%252F%252Fwww.lnc.nc%252Farticles%252Farticle_71717_268185.htm','-','DIRECT','202.22.156.136'
'1264966326','200','GET','http','pub.lnc.nc','nc','80','/delivery/afr.php','refresh=15&zoneid=6&target=_blank&cb=INSERT_RANDOM_NUMBER_HERE&loc=http%253A%252F%252Fwww.lnc.nc%252Farticles%252Farticle_71717_268185.htm','-','DIRECT','202.22.156.136'
'1264966326','302','GET','http','m.fr.yahoo.com','com','80','/_ylt=Ap0slSxWuV76Whm5AsOWdfA8pax_/SIG=11tijqujt/**https%3A//login.yahoo.com/config/mail%3F.src=ym%26.intl=fr','','-','DIRECT','87.248.122.122'
'1264966326','304','GET','http','pub.lnc.nc','nc','80','/delivery/ai.php','filename=construire_468x60_2.swf&contenttype=swf','-','DIRECT','202.22.156.136'
'1264966326','200','GET','http','pub.lnc.nc','nc','80','/delivery/lg.php','bannerid=54&campaignid=4&zoneid=5&loc=http%253A%252F%252Fwww.lnc.nc%252Farticles%252Farticle_71717_268185.htm&cb=cfb64f0db4','-','DIRECT','202.22.156.136'
'1264966326','304','GET','http','pub.lnc.nc','nc','80','/delivery/ai.php','filename=construire_120x360_2.swf&contenttype=swf','-','DIRECT','202.22.156.136'
'1264966326','200','GET','http','pub.lnc.nc','nc','80','/delivery/lg.php','bannerid=55&campaignid=4&zoneid=6&loc=http%253A%252F%252Fwww.lnc.nc%252Farticles%252Farticle_71717_268185.htm&cb=1af67db46e','-','DIRECT','202.22.156.136'
'1264966331','200','GET','http','pub.lnc.nc','nc','80','/delivery/afr.php','refresh=15&zoneid=6&target=_blank&cb=INSERT_RANDOM_NUMBER_HERE&loc=http%253A%252F%252Fwww.lnc.nc%252Farticles%252Farticle_70618_262097_71500.htm','-','DIRECT','202.22.156.136'
'1264966332','304','GET','http','pub.lnc.nc','nc','80','/delivery/ai.php','filename=construire_120x360_2.swf&contenttype=swf','-','DIRECT','202.22.156.136'
'1264966332','200','GET','http','pub.lnc.nc','nc','80','/delivery/lg.php','bannerid=55&campaignid=4&zoneid=6&loc=http%253A%252F%252Fwww.lnc.nc%252Farticles%252Farticle_70618_262097_71500.htm&cb=f3da76061e','-','DIRECT','202.22.156.136'
'1264966339','200','GET','http','pub.lnc.nc','nc','80','/delivery/afr.php','refresh=45&zoneid=7&target=_blank&cb=INSERT_RANDOM_NUMBER_HERE&loc=http%253A%252F%252Fwww.lnc.nc%252Farticles%252Farticle_70618_262097_71500.htm','-','DIRECT','202.22.156.136'
'1264966340','200','GET','http','www.lnc.nc','nc','80','/articles/article_70788_238741.htm','','-','DIRECT','202.22.156.138'
'1264966341','200','GET','http','pub.lnc.nc','nc','80','/delivery/afr.php','refresh=45&zoneid=17&target=_blank&cb=INSERT_RANDOM_NUMBER_HERE&loc=http%253A%252F%252Fwww.lnc.nc%252Farticles%252Farticle_70618_262097_71500.htm','-','DIRECT','202.22.156.136'
'1264966341','200','GET','http','pub.lnc.nc','nc','80','/delivery/lg.php','bannerid=269&campaignid=124&zoneid=17&channel_ids=,&loc=http%253A%252F%252Fwww.lnc.nc%252Farticles%252Farticle_70618_262097_71500.htm&cb=16f9fbc8cb','-','DIRECT','202.22.156.136'
'1264966341','200','GET','http','pub.lnc.nc','nc','80','/delivery/afr.php','refresh=15&zoneid=6&target=_blank&cb=INSERT_RANDOM_NUMBER_HERE&loc=http%253A%252F%252Fwww.lnc.nc%252Farticles%252Farticle_71717_268185.htm','-','DIRECT','202.22.156.136'
'1264966341','200','GET','http','pub.lnc.nc','nc','80','/delivery/afr.php','refresh=45&zoneid=1&target=_blank&cb=INSERT_RANDOM_NUMBER_HERE','-','DIRECT','202.22.156.136'
'1264966341','200','GET','http','pub.lnc.nc','nc','80','/delivery/afr.php','refresh=45&zoneid=3&target=_blank&cb=INSERT_RANDOM_NUMBER_HERE','-','DIRECT','202.22.156.136'
'1264966341','200','GET','http','pub.lnc.nc','nc','80','/delivery/afr.php','refresh=45&zoneid=2&target=_blank&cb=INSERT_RANDOM_NUMBER_HERE','-','DIRECT','202.22.156.136'
'1264966341','200','GET','http','pub.lnc.nc','nc','80','/delivery/afr.php','refresh=45&zoneid=18&target=_blank&cb=INSERT_RANDOM_NUMBER_HERE','-','DIRECT','202.22.156.136'
'1264966341','304','GET','http','pub.lnc.nc','nc','80','/delivery/ai.php','filename=construire_120x360_2.swf&contenttype=swf','-','DIRECT','202.22.156.136'
'1264966341','200','GET','http','pub.lnc.nc','nc','80','/delivery/lg.php','bannerid=55&campaignid=4&zoneid=6&loc=http%253A%252F%252Fwww.lnc.nc%252Farticles%252Farticle_71717_268185.htm&cb=94c8cbe4b1','-','DIRECT','202.22.156.136'
'1264966342','200','GET','http','pub.lnc.nc','nc','80','/delivery/lg.php','bannerid=310&campaignid=160&zoneid=1&channel_ids=,&loc=http%253A%252F%252Fwww.lnc.nc%252Farticles%252Farticle_70788_238741.htm&cb=c6bf1054f1','-','DIRECT','202.22.156.136'
'1264966342','200','GET','http','pub.lnc.nc','nc','80','/delivery/lg.php','bannerid=213&campaignid=82&zoneid=3&loc=http%253A%252F%252Fwww.lnc.nc%252Farticles%252Farticle_70788_238741.htm&cb=4d449550fc','-','DIRECT','202.22.156.136'
'1264966342','200','GET','http','pub.lnc.nc','nc','80','/delivery/lg.php','bannerid=311&campaignid=161&zoneid=2&channel_ids=,&loc=http%253A%252F%252Fwww.lnc.nc%252Farticles%252Farticle_70788_238741.htm&cb=944e0ba2b7','-','DIRECT','202.22.156.136'
'1264966342','200','GET','http','pub.lnc.nc','nc','80','/delivery/lg.php','bannerid=268&campaignid=124&zoneid=18&channel_ids=,&loc=http%253A%252F%252Fwww.lnc.nc%252Farticles%252Farticle_70788_238741.htm&cb=3f5300b477','-','DIRECT','202.22.156.136'
'1264966344','200','GET','http','pub.lnc.nc','nc','80','/delivery/afr.php','refresh=45&zoneid=17&target=_blank&cb=INSERT_RANDOM_NUMBER_HERE&loc=http%253A%252F%252Fwww.lnc.nc%252Farticles%252Farticle_71717_268185.htm','-','DIRECT','202.22.156.136'
'1264966344','200','GET','http','pub.lnc.nc','nc','80','/delivery/lg.php','bannerid=269&campaignid=124&zoneid=17&channel_ids=,&loc=http%253A%252F%252Fwww.lnc.nc%252Farticles%252Farticle_71717_268185.htm&cb=21f46e1fde','-','DIRECT','202.22.156.136'
'1264966344','200','GET','http','pub.lnc.nc','nc','80','/delivery/afr.php','refresh=45&zoneid=7&target=_blank&cb=INSERT_RANDOM_NUMBER_HERE&loc=http%253A%252F%252Fwww.lnc.nc%252Farticles%252Farticle_71717_268185.htm','-','DIRECT','202.22.156.136'
'1264966345','200','GET','http','fr.mg41.mail.yahoo.com','com','80','/dc/launch','.gx=1&.rand=9b84k8p8h7agp','-','DIRECT','87.248.114.32'
'1264966347','200','GET','http','pub.lnc.nc','nc','80','/delivery/afr.php','refresh=15&zoneid=6&target=_blank&cb=INSERT_RANDOM_NUMBER_HERE&loc=http%253A%252F%252Fwww.lnc.nc%252Farticles%252Farticle_70618_262097_71500.htm','-','DIRECT','202.22.156.136'
'1264966347','304','GET','http','pub.lnc.nc','nc','80','/delivery/ai.php','filename=construire_120x360_2.swf&contenttype=swf','-','DIRECT','202.22.156.136'
'1264966347','200','GET','http','pub.lnc.nc','nc','80','/delivery/lg.php','bannerid=55&campaignid=4&zoneid=6&loc=http%253A%252F%252Fwww.lnc.nc%252Farticles%252Farticle_70618_262097_71500.htm&cb=f2100b18e4','-','DIRECT','202.22.156.136'
'1264966349','200','GET','http','fr.mg41.mail.yahoo.com','com','80','/dc/blank.html','bn=272.7&.intl=fr&lang=fr-FR','-','DIRECT','87.248.114.32'
'1264966349','200','GET','http','fr.mg41.mail.yahoo.com','com','80','/fc/fc','l=LREC%253A%2521fcHandoff%253BN2%253A%2521fcHandoff%253BMIP4%253Aslot_MIP4&p=mail_candygram&bg=transparent&f=971801348&id=1&cbk=fcLoaded&tgt=_blank&en=iso-8859-1&em=%25257B%252522site-attribute%252522%25253A%252522content%25253D%25255C%252522tenure%25253A%252520week%25252014-%25253Bno_expandable%25253Bajax_cert_expandable%25255C%252522%252522%25257D&t_e=100&.intl=fr&.lang=fr-FR&t=1&rand=1264966356800&=&.gx=1','-','DIRECT','87.248.114.32'
'1264966349','200','POST','http','fr.mg41.mail.yahoo.com','com','80','/ws/mailPreferences/v1/jsonrpc','wssid=SkMv1hB5e7Q&appid=YahooMailRC','-','DIRECT','87.248.114.32'
'1264966349','200','GET','http','fr.mg41.mail.yahoo.com','com','80','/dc/blank.html','bn=272.7&.intl=fr&.lang=fr-FR','-','DIRECT','87.248.114.32'
'1264966349','200','GET','http','fr.mg41.mail.yahoo.com','com','80','/yab/cache/fr/hakLPls5aK5vPkXdBTtYvg--','enc=1&f=fn,ln,nn,e0,e1,e2,yi,li,ex,yx,imm,img,mo&wssid=SkMv1hB5e7Q&r=0.7255069542474197','-','DIRECT','87.248.114.32'
'1264966349','200','GET','http','us.bc.yahoo.com','com','80','/b','P=1xcGOdRSaCmtEs6oS0Z1BAG_PQXSIktl2scAAl0J&T=16ljju47a%252fX%253d1264966343%252fE%253d971801348%252fR%253dfrmail%252fK%253d5%252fV%253d1.1%252fW%253dJR%252fY%253dFR%252fF%253d2003721560%252fH%253dY29udGVudD0idGVudXJlOiB3ZWVrIDE0LTtub19leHBhbmRhYmxlO2FqYXhfY2VydF9leHBhbmRhYmxlIg--%252fI%253d1%252fS%253d1%252fJ%253dD26852D4&U=12c7usqtr%252fN%253dFlkPF9mSs_A-%252fC%253d-1%252fD%253dFR20%252fB%253d-1%252fV%253d0&U=12bebifdr%252fN%253dFVkPF9mSs_A-%252fC%253d-1%252fD%253dSIP%252fB%253d-1%252fV%253d0&Q=0&O=0.9715261809802701','-','DIRECT','216.252.124.30'
'1264966350','200','GET','http','row.bc.yahoo.com','com','80','/b','P=PDAzENRSaCmtEs6oS0Z1BAAZPQXSIktl2s0AAukO&T=16g0hkn8a%252fX%253d1264966349%252fE%253d971801348%252fR%253dfrmail%252fK%253d5%252fV%253d1.1%252fW%253dJR%252fY%253dFR%252fF%253d667909886%252fH%253dY29udGVudD0idGVudXJlOiB3ZWVrIDE0LTtub19leHBhbmRhYmxlO2FqYXhfY2VydF9leHBhbmRhYmxlIg--%252fS%253d1%252fJ%253dC76852D4&U=13oe7dh3v%252fN%253d6tuATtmSu1w-%252fC%253d200089790.201942519.203232701.201155674%252fD%253dLREC%252fB%253d200768495%252fV%253d1&U=12ag43p76%252fN%253d69uATtmSu1w-%252fC%253d-1%252fD%253dN2%252fB%253d-1%252fV%253d0&U=13ou0dog6%252fN%253d7NuATtmSu1w-%252fC%253d200099943.201887875.203162448.201390671%252fD%253dMIP4%252fB%253d201035768%252fV%253d1&Q=0&O=0.9412436367067242','-','DIRECT','216.252.124.30'
'1264966350','200','GET','http','presence.msg.yahoo.com','com','80','/crossdomain.xml','','-','DIRECT','209.131.36.172'
'1264966351','200','GET','http','pub.lnc.nc','nc','80','/delivery/afr.php','refresh=45&zoneid=5&target=_blank&cb=INSERT_RANDOM_NUMBER_HERE&loc=http%253A%252F%252Fwww.lnc.nc%252Farticles%252Farticle_71717_268185.htm','-','DIRECT','202.22.156.136'
'1264966351','200','GET','http','presence.msg.yahoo.com','com','80','/online','s=1&m=t&t=1','-','DIRECT','209.131.36.172'
'1264966351','200','GET','http','fr.mg41.mail.yahoo.com','com','80','/om/api/1.0/openmail.app.list','app=36dhk6gp34pb6&ver=26&app=3aoj66csm8e1m&ver=12&app=68c34chgjadj1&ver=3&app=6coj375ijcp33&ver=6','-','DIRECT','87.248.114.32'
'1264966351','304','GET','http','pub.lnc.nc','nc','80','/delivery/ai.php','filename=construire_468x60_2.swf&contenttype=swf','-','DIRECT','202.22.156.136'
'1264966351','200','GET','http','pub.lnc.nc','nc','80','/delivery/lg.php','bannerid=54&campaignid=4&zoneid=5&loc=http%253A%252F%252Fwww.lnc.nc%252Farticles%252Farticle_71717_268185.htm&cb=5bb276efdb','-','DIRECT','202.22.156.136'
'1264966351','200','GET','http','fr.mg41.mail.yahoo.com','com','80','/dc/flash/cg_cookies.swf','','-','DIRECT','87.248.114.32'
'1264966352','200','GET','http','fr.mg41.mail.yahoo.com','com','80','/ws/cal/cal/1/BMDC','bn=hakLPls5aK5vPkXdBTtYvg--&prog=vegasv4&intl=fr&DTSTART=20100201&DTEND=20100331&wssid=SkMv1hB5e7Q&r=0.113257380704468','-','DIRECT','87.248.114.32'
'1264966352','200','GET','http','webcs.msg.yahoo.com','com','80','/crossdomain.xml','','-','DIRECT','69.147.84.119'
'1264966353','200','POST','http','fr.mg41.mail.yahoo.com','com','80','/dc/lv','','-','DIRECT','87.248.114.32'
'1264966354','200','GET','http','fr.mg41.mail.yahoo.com','com','80','/dc/rs','log=LaunchSequenceCompleted;SuccessfulLaunch;PostLaunchSequenceCompleted&=&.gx=1','-','DIRECT','87.248.114.32'
'1264966356','200','GET','http','fr.update2.toolbar.yahoo.com','com','80','/slv/v4/not','v=1_5_4&t=1265002577085&.ta=cgnone,cc,cifr,cv1_5_4','-','DIRECT','98.137.53.23'
'1264966356','200','GET','http','pub.lnc.nc','nc','80','/delivery/afr.php','refresh=15&zoneid=6&target=_blank&cb=INSERT_RANDOM_NUMBER_HERE&loc=http%253A%252F%252Fwww.lnc.nc%252Farticles%252Farticle_71717_268185.htm','-','DIRECT','202.22.156.136'
'1264966357','304','GET','http','pub.lnc.nc','nc','80','/delivery/ai.php','filename=nrj_120x360_2.swf&contenttype=swf','-','DIRECT','202.22.156.136'
'1264966357','200','GET','http','pub.lnc.nc','nc','80','/delivery/lg.php','bannerid=48&campaignid=3&zoneid=6&loc=http%253A%252F%252Fwww.lnc.nc%252Farticles%252Farticle_71717_268185.htm&cb=3d2b96cec8','-','DIRECT','202.22.156.136'
'1264966358','200','GET','http','geo.yahoo.com','com','80','/p','s=971801480&t=0.6745758148891472&t_e=100','-','DIRECT','98.136.43.76'
'1264966360','200','GET','http','fr.mg41.mail.yahoo.com','com','80','/dc/rs','log=Chat_LoginTime:23&=&.gx=1','-','DIRECT','87.248.114.32'
'1264966362','200','GET','http','pub.lnc.nc','nc','80','/delivery/afr.php','refresh=15&zoneid=6&target=_blank&cb=INSERT_RANDOM_NUMBER_HERE&loc=http%253A%252F%252Fwww.lnc.nc%252Farticles%252Farticle_70618_262097_71500.htm','-','DIRECT','202.22.156.136'
'1264966362','304','GET','http','pub.lnc.nc','nc','80','/delivery/ai.php','filename=nrj_120x360_2.swf&contenttype=swf','-','DIRECT','202.22.156.136'
'1264966362','200','GET','http','pub.lnc.nc','nc','80','/delivery/lg.php','bannerid=48&campaignid=3&zoneid=6&loc=http%253A%252F%252Fwww.lnc.nc%252Farticles%252Farticle_70618_262097_71500.htm&cb=5e2947c907','-','DIRECT','202.22.156.136'
'1264966362','200','GET','http','pub.lnc.nc','nc','80','/delivery/afr.php','refresh=45&zoneid=7&target=_blank&cb=INSERT_RANDOM_NUMBER_HERE&loc=http%253A%252F%252Fwww.lnc.nc%252Farticles%252Farticle_71717_268185.htm','-','DIRECT','202.22.156.136'
'1264966363','200','GET','http','pub.lnc.nc','nc','80','/delivery/afr.php','refresh=45&zoneid=17&target=_blank&cb=INSERT_RANDOM_NUMBER_HERE&loc=http%253A%252F%252Fwww.lnc.nc%252Farticles%252Farticle_71717_268185.htm','-','DIRECT','202.22.156.136'
'1264966363','200','GET','http','pub.lnc.nc','nc','80','/delivery/lg.php','bannerid=266&campaignid=124&zoneid=17&channel_ids=,&loc=http%253A%252F%252Fwww.lnc.nc%252Farticles%252Farticle_71717_268185.htm&cb=af2c51e69d','-','DIRECT','202.22.156.136'
'1264966368','200','GET','http','pub.lnc.nc','nc','80','/delivery/afr.php','refresh=45&zoneid=5&target=_blank&cb=INSERT_RANDOM_NUMBER_HERE&loc=http%253A%252F%252Fwww.lnc.nc%252Farticles%252Farticle_70618_262097_71500.htm','-','DIRECT','202.22.156.136'
'1264966368','200','GET','http','pub.lnc.nc','nc','80','/delivery/lg.php','bannerid=54&campaignid=4&zoneid=5&loc=http%253A%252F%252Fwww.lnc.nc%252Farticles%252Farticle_70618_262097_71500.htm&cb=fb22d35073','-','DIRECT','202.22.156.136'
'1264966368','304','GET','http','pub.lnc.nc','nc','80','/delivery/ai.php','filename=construire_468x60_2.swf&contenttype=swf','-','DIRECT','202.22.156.136'
'1264966371','200','GET','http','pub.lnc.nc','nc','80','/delivery/afr.php','refresh=45&zoneid=5&target=_blank&cb=INSERT_RANDOM_NUMBER_HERE&loc=http%253A%252F%252Fwww.lnc.nc%252Farticles%252Farticle_71717_268185.htm','-','DIRECT','202.22.156.136'
145/1000 elements are valid.
